<?xml version="1.0" encoding="UTF-8"?>
<testsuites name="jest tests" tests="4" failures="3" time="11.594">
  <testsuite name="undefined" errors="0" failures="3" skipped="0" timestamp="2021-10-01T21:07:48" time="9.497" tests="4">
    <testcase classname=" initial UI is rendered as expected" name=" initial UI is rendered as expected" time="0.041">
    </testcase>
    <testcase classname=" search is made on by clicking on search button and no results found" name=" search is made on by clicking on search button and no results found" time="1.054">
      <failure>Error: expect(received).toHaveLength(expected)

Expected length: 0
Received length: 10
Received object: [&lt;li&gt;Aquaman: War of the Water Worlds&lt;/li&gt;, &lt;li&gt;Maze bakunetsu jikû OVA&lt;/li&gt;, &lt;li&gt;Freddi Fish and Luther&apos;s Maze Madness&lt;/li&gt;, &lt;li&gt;Harry och Sonja&lt;/li&gt;, &lt;li&gt;Lollipops and Sweet Chicks 5: Harry in England&lt;/li&gt;, &lt;li&gt;Harry Anderson: The Tricks of His Trade&lt;/li&gt;, &lt;li&gt;Sin&lt;/li&gt;, &lt;li&gt;Deadly Sin&lt;/li&gt;, &lt;li&gt;Sin-A-Matic&lt;/li&gt;, &lt;li&gt;Guilty as Sin&lt;/li&gt;]

&lt;html&gt;
  &lt;head /&gt;
  &lt;body&gt;
    &lt;div&gt;
      &lt;div&gt;
        &lt;h8k-navbar
          header=&quot;Movie List&quot;
        /&gt;
        &lt;div
          class=&quot;layout-column align-items-center mt-50&quot;
        &gt;
          &lt;section
            class=&quot;layout-row align-items-center justify-content-center&quot;
          &gt;
            &lt;input
              class=&quot;large&quot;
              data-testid=&quot;app-input&quot;
              placeholder=&quot;Enter Year eg 2015&quot;
              type=&quot;number&quot;
            /&gt;
            &lt;button
              class=&quot;&quot;
              data-testid=&quot;submit-button&quot;
            &gt;
              Search
            &lt;/button&gt;
          &lt;/section&gt;
          &lt;ul
            class=&quot;mt-50 styled&quot;
            data-testid=&quot;movieList&quot;
          &gt;
            &lt;li&gt;
              Aquaman: War of the Water Worlds
            &lt;/li&gt;
            &lt;li&gt;
              Maze bakunetsu jikû OVA
            &lt;/li&gt;
            &lt;li&gt;
              Freddi Fish and Luther&apos;s Maze Madness
            &lt;/li&gt;
            &lt;li&gt;
              Harry och Sonja
            &lt;/li&gt;
            &lt;li&gt;
              Lollipops and Sweet Chicks 5: Harry in England
            &lt;/li&gt;
            &lt;li&gt;
              Harry Anderson: The Tricks of His Trade
            &lt;/li&gt;
            &lt;li&gt;
              Sin
            &lt;/li&gt;
            &lt;li&gt;
              Deadly Sin
            &lt;/li&gt;
            &lt;li&gt;
              Sin-A-Matic
            &lt;/li&gt;
            &lt;li&gt;
              Guilty as Sin
            &lt;/li&gt;
          &lt;/ul&gt;
        &lt;/div&gt;
      &lt;/div&gt;
    &lt;/div&gt;
  &lt;/body&gt;
&lt;/html&gt;
    at C:\_dev\04b754f8-ccda-45bf-92ae-d2776e0db92c\src\App.test.js:36:32
    at runWithExpensiveErrorDiagnosticsDisabled (C:\_dev\04b754f8-ccda-45bf-92ae-d2776e0db92c\node_modules\@testing-library\dom\dist\config.js:51:12)
    at checkCallback (C:\_dev\04b754f8-ccda-45bf-92ae-d2776e0db92c\node_modules\@testing-library\dom\dist\wait-for.js:102:75)
    at Timeout.callback (C:\_dev\04b754f8-ccda-45bf-92ae-d2776e0db92c\node_modules\jest-environment-jsdom-fourteen\node_modules\jsdom\lib\jsdom\browser\Window.js:671:19)
    at listOnTimeout (node:internal/timers:557:17)
    at processTimers (node:internal/timers:500:7)</failure>
    </testcase>
    <testcase classname=" search is made on by clicking on search button and result found - test 1" name=" search is made on by clicking on search button and result found - test 1" time="1.013">
      <failure>Error: expect(received).toHaveLength(expected)

Expected length: 2
Received length: 10
Received object: [&lt;li&gt;The Death of Spiderman&lt;/li&gt;, &lt;li&gt;Beat Feet: Scotty Smiley&apos;s Blind Journey to Ironman&lt;/li&gt;, &lt;li&gt;Maze Runner: The Scorch Trials&lt;/li&gt;, &lt;li&gt;Into the Grizzly Maze&lt;/li&gt;, &lt;li&gt;Maze Runner: The Burn Trials&lt;/li&gt;, &lt;li&gt;A Mind Devoid of Happiness or: The Maze&lt;/li&gt;, &lt;li&gt;Lard and the Peace Maze&lt;/li&gt;, &lt;li&gt;Macau Stories III: City Maze&lt;/li&gt;, &lt;li&gt;Harry Price: Ghost Hunter&lt;/li&gt;, &lt;li&gt;Harry &amp; Snowman&lt;/li&gt;]

&lt;html&gt;
  &lt;head /&gt;
  &lt;body&gt;
    &lt;div&gt;
      &lt;div&gt;
        &lt;h8k-navbar
          header=&quot;Movie List&quot;
        /&gt;
        &lt;div
          class=&quot;layout-column align-items-center mt-50&quot;
        &gt;
          &lt;section
            class=&quot;layout-row align-items-center justify-content-center&quot;
          &gt;
            &lt;input
              class=&quot;large&quot;
              data-testid=&quot;app-input&quot;
              placeholder=&quot;Enter Year eg 2015&quot;
              type=&quot;number&quot;
            /&gt;
            &lt;button
              class=&quot;&quot;
              data-testid=&quot;submit-button&quot;
            &gt;
              Search
            &lt;/button&gt;
          &lt;/section&gt;
          &lt;ul
            class=&quot;mt-50 styled&quot;
            data-testid=&quot;movieList&quot;
          &gt;
            &lt;li&gt;
              The Death of Spiderman
            &lt;/li&gt;
            &lt;li&gt;
              Beat Feet: Scotty Smiley&apos;s Blind Journey to Ironman
            &lt;/li&gt;
            &lt;li&gt;
              Maze Runner: The Scorch Trials
            &lt;/li&gt;
            &lt;li&gt;
              Into the Grizzly Maze
            &lt;/li&gt;
            &lt;li&gt;
              Maze Runner: The Burn Trials
            &lt;/li&gt;
            &lt;li&gt;
              A Mind Devoid of Happiness or: The Maze
            &lt;/li&gt;
            &lt;li&gt;
              Lard and the Peace Maze
            &lt;/li&gt;
            &lt;li&gt;
              Macau Stories III: City Maze
            &lt;/li&gt;
            &lt;li&gt;
              Harry Price: Ghost Hunter
            &lt;/li&gt;
            &lt;li&gt;
              Harry &amp; Snowman
            &lt;/li&gt;
          &lt;/ul&gt;
        &lt;/div&gt;
      &lt;/div&gt;
    &lt;/div&gt;
  &lt;/body&gt;
&lt;/html&gt;
    at C:\_dev\04b754f8-ccda-45bf-92ae-d2776e0db92c\src\App.test.js:56:32
    at runWithExpensiveErrorDiagnosticsDisabled (C:\_dev\04b754f8-ccda-45bf-92ae-d2776e0db92c\node_modules\@testing-library\dom\dist\config.js:51:12)
    at checkCallback (C:\_dev\04b754f8-ccda-45bf-92ae-d2776e0db92c\node_modules\@testing-library\dom\dist\wait-for.js:102:75)
    at Timeout.callback (C:\_dev\04b754f8-ccda-45bf-92ae-d2776e0db92c\node_modules\jest-environment-jsdom-fourteen\node_modules\jsdom\lib\jsdom\browser\Window.js:671:19)
    at listOnTimeout (node:internal/timers:557:17)
    at processTimers (node:internal/timers:500:7)</failure>
    </testcase>
    <testcase classname=" search is made on by clicking on search button and result found - test 2" name=" search is made on by clicking on search button and result found - test 2" time="1.013">
      <failure>Error: expect(received).toHaveLength(expected)

Expected length: 5
Received length: 10
Received object: [&lt;li&gt;Spiderman&lt;/li&gt;, &lt;li&gt;The Maze&lt;/li&gt;, &lt;li&gt;Navigating the Maze&lt;/li&gt;, &lt;li&gt;A Place in the Maze&lt;/li&gt;, &lt;li&gt;The Black and White Maze of the Painted Zebra&lt;/li&gt;, &lt;li&gt;Harry Potter and the Deathly Hallows: Part 1&lt;/li&gt;, &lt;li&gt;Harry Potter and the Forbidden Journey&lt;/li&gt;, &lt;li&gt;Who Is Harry Nilsson (And Why Is Everybody Talkin&apos; About Him?)&lt;/li&gt;, &lt;li&gt;Lego Harry Potter: Years 1-4&lt;/li&gt;, &lt;li&gt;I Am Harry Potter&lt;/li&gt;]

&lt;html&gt;
  &lt;head /&gt;
  &lt;body&gt;
    &lt;div&gt;
      &lt;div&gt;
        &lt;h8k-navbar
          header=&quot;Movie List&quot;
        /&gt;
        &lt;div
          class=&quot;layout-column align-items-center mt-50&quot;
        &gt;
          &lt;section
            class=&quot;layout-row align-items-center justify-content-center&quot;
          &gt;
            &lt;input
              class=&quot;large&quot;
              data-testid=&quot;app-input&quot;
              placeholder=&quot;Enter Year eg 2015&quot;
              type=&quot;number&quot;
            /&gt;
            &lt;button
              class=&quot;&quot;
              data-testid=&quot;submit-button&quot;
            &gt;
              Search
            &lt;/button&gt;
          &lt;/section&gt;
          &lt;ul
            class=&quot;mt-50 styled&quot;
            data-testid=&quot;movieList&quot;
          &gt;
            &lt;li&gt;
              Spiderman
            &lt;/li&gt;
            &lt;li&gt;
              The Maze
            &lt;/li&gt;
            &lt;li&gt;
              Navigating the Maze
            &lt;/li&gt;
            &lt;li&gt;
              A Place in the Maze
            &lt;/li&gt;
            &lt;li&gt;
              The Black and White Maze of the Painted Zebra
            &lt;/li&gt;
            &lt;li&gt;
              Harry Potter and the Deathly Hallows: Part 1
            &lt;/li&gt;
            &lt;li&gt;
              Harry Potter and the Forbidden Journey
            &lt;/li&gt;
            &lt;li&gt;
              Who Is Harry Nilsson (And Why Is Everybody Talkin&apos; About Him?)
            &lt;/li&gt;
            &lt;li&gt;
              Lego Harry Potter: Years 1-4
            &lt;/li&gt;
            &lt;li&gt;
              I Am Harry Potter
            &lt;/li&gt;
          &lt;/ul&gt;
        &lt;/div&gt;
      &lt;/div&gt;
    &lt;/div&gt;
  &lt;/body&gt;
&lt;/html&gt;
    at C:\_dev\04b754f8-ccda-45bf-92ae-d2776e0db92c\src\App.test.js:77:32
    at runWithExpensiveErrorDiagnosticsDisabled (C:\_dev\04b754f8-ccda-45bf-92ae-d2776e0db92c\node_modules\@testing-library\dom\dist\config.js:51:12)
    at checkCallback (C:\_dev\04b754f8-ccda-45bf-92ae-d2776e0db92c\node_modules\@testing-library\dom\dist\wait-for.js:102:75)
    at Timeout.callback (C:\_dev\04b754f8-ccda-45bf-92ae-d2776e0db92c\node_modules\jest-environment-jsdom-fourteen\node_modules\jsdom\lib\jsdom\browser\Window.js:671:19)
    at listOnTimeout (node:internal/timers:557:17)
    at processTimers (node:internal/timers:500:7)</failure>
    </testcase>
  </testsuite>
</testsuites>